// Jest Snapshot v1, https://goo.gl/fbAQLP

exports[`Bestiary component renders the full bestiary page 1`] = `
<ContextConsumer>
  <Component />
</ContextConsumer>
`;
