// Jest Snapshot v1, https://goo.gl/fbAQLP

exports[`Login component renders the full login component 1`] = `
<ContextConsumer>
  <Component />
</ContextConsumer>
`;
