// Jest Snapshot v1, https://goo.gl/fbAQLP

exports[`NewCampaign component renders the full new campaign form component 1`] = `
<ContextConsumer>
  <Component />
</ContextConsumer>
`;
