// Jest Snapshot v1, https://goo.gl/fbAQLP

exports[`NewEncounter component renders the full NewEncounter component 1`] = `
<ContextConsumer>
  <Component />
</ContextConsumer>
`;
